NAME   REQUEST_RATE   SUCCESS_RATE   P50_LATENCY   P99_LATENCY
